Archive member included because of file (symbol)

../libopencm3/lib/libopencm3_stm32f4.a(rcc.o)
                              cdcacm.o (rcc_clock_setup_hse_3v3)
../libopencm3/lib/libopencm3_stm32f4.a(gpio_common_f0234.o)
                              cdcacm.o (gpio_mode_setup)
../libopencm3/lib/libopencm3_stm32f4.a(flash_common_f234.o)
                              ../libopencm3/lib/libopencm3_stm32f4.a(rcc.o) (flash_set_ws)
../libopencm3/lib/libopencm3_stm32f4.a(rcc_common_all.o)
                              cdcacm.o (rcc_periph_clock_enable)
../libopencm3/lib/libopencm3_stm32f4.a(usb.o)
                              cdcacm.o (usbd_init)
../libopencm3/lib/libopencm3_stm32f4.a(usb_standard.o)
                              cdcacm.o (usbd_register_set_config_callback)
../libopencm3/lib/libopencm3_stm32f4.a(usb_control.o)
                              cdcacm.o (usbd_register_control_callback)
../libopencm3/lib/libopencm3_stm32f4.a(usb_f107.o)
                              cdcacm.o (stm32f107_usb_driver)
../libopencm3/lib/libopencm3_stm32f4.a(vector.o)
                              (reset_handler)
../libopencm3/lib/libopencm3_stm32f4.a(assert.o)
                              ../libopencm3/lib/libopencm3_stm32f4.a(rcc.o) (cm3_assert_failed)
../libopencm3/lib/libopencm3_stm32f4.a(pwr.o)
                              ../libopencm3/lib/libopencm3_stm32f4.a(rcc.o) (pwr_set_vos_scale)
../libopencm3/lib/libopencm3_stm32f4.a(usb_fx07_common.o)
                              ../libopencm3/lib/libopencm3_stm32f4.a(usb_f107.o) (stm32fx07_set_address)
/home/mike1000/STM32_STUFF/gcc-arm-none-eabi-4_9-2014q4/bin/../lib/gcc/arm-none-eabi/4.9.3/../../../../arm-none-eabi/lib/libc.a(lib_a-memcpy.o)
                              ../libopencm3/lib/libopencm3_stm32f4.a(usb_standard.o) (memcpy)
/home/mike1000/STM32_STUFF/gcc-arm-none-eabi-4_9-2014q4/bin/../lib/gcc/arm-none-eabi/4.9.3/../../../../arm-none-eabi/lib/libc.a(lib_a-strlen.o)
                              ../libopencm3/lib/libopencm3_stm32f4.a(usb_standard.o) (strlen)

Discarded input sections

 .text          0x00000000        0x0 cdcacm.o
 .data          0x00000000        0x0 cdcacm.o
 .bss           0x00000000        0x0 cdcacm.o
 .text          0x00000000        0x0 ../libopencm3/lib/libopencm3_stm32f4.a(rcc.o)
 .data          0x00000000        0x0 ../libopencm3/lib/libopencm3_stm32f4.a(rcc.o)
 .bss           0x00000000        0x0 ../libopencm3/lib/libopencm3_stm32f4.a(rcc.o)
 .text.rcc_osc_ready_int_clear
                0x00000000       0x48 ../libopencm3/lib/libopencm3_stm32f4.a(rcc.o)
 .text.rcc_osc_ready_int_enable
                0x00000000       0x48 ../libopencm3/lib/libopencm3_stm32f4.a(rcc.o)
 .text.rcc_osc_ready_int_disable
                0x00000000       0x48 ../libopencm3/lib/libopencm3_stm32f4.a(rcc.o)
 .text.rcc_osc_ready_int_flag
                0x00000000       0x44 ../libopencm3/lib/libopencm3_stm32f4.a(rcc.o)
 .text.rcc_css_int_clear
                0x00000000       0x10 ../libopencm3/lib/libopencm3_stm32f4.a(rcc.o)
 .text.rcc_css_int_flag
                0x00000000       0x10 ../libopencm3/lib/libopencm3_stm32f4.a(rcc.o)
 .text.rcc_wait_for_sysclk_status
                0x00000000       0x38 ../libopencm3/lib/libopencm3_stm32f4.a(rcc.o)
 .text.rcc_css_enable
                0x00000000       0x10 ../libopencm3/lib/libopencm3_stm32f4.a(rcc.o)
 .text.rcc_css_disable
                0x00000000       0x10 ../libopencm3/lib/libopencm3_stm32f4.a(rcc.o)
 .text.rcc_osc_bypass_enable
                0x00000000       0x28 ../libopencm3/lib/libopencm3_stm32f4.a(rcc.o)
 .text.rcc_osc_bypass_disable
                0x00000000       0x28 ../libopencm3/lib/libopencm3_stm32f4.a(rcc.o)
 .text.rcc_set_pll_source
                0x00000000       0x14 ../libopencm3/lib/libopencm3_stm32f4.a(rcc.o)
 .text.rcc_set_rtcpre
                0x00000000       0x14 ../libopencm3/lib/libopencm3_stm32f4.a(rcc.o)
 .text.rcc_set_main_pll_hsi
                0x00000000       0x1c ../libopencm3/lib/libopencm3_stm32f4.a(rcc.o)
 .text.rcc_system_clock_source
                0x00000000       0x10 ../libopencm3/lib/libopencm3_stm32f4.a(rcc.o)
 .rodata.hse_16mhz_3v3
                0x00000000       0x48 ../libopencm3/lib/libopencm3_stm32f4.a(rcc.o)
 .rodata.hse_25mhz_3v3
                0x00000000       0x48 ../libopencm3/lib/libopencm3_stm32f4.a(rcc.o)
 .data.rcc_ahb_frequency
                0x00000000        0x4 ../libopencm3/lib/libopencm3_stm32f4.a(rcc.o)
 .rodata.hse_12mhz_3v3
                0x00000000       0x48 ../libopencm3/lib/libopencm3_stm32f4.a(rcc.o)
 .text          0x00000000        0x0 ../libopencm3/lib/libopencm3_stm32f4.a(gpio_common_f0234.o)
 .data          0x00000000        0x0 ../libopencm3/lib/libopencm3_stm32f4.a(gpio_common_f0234.o)
 .bss           0x00000000        0x0 ../libopencm3/lib/libopencm3_stm32f4.a(gpio_common_f0234.o)
 .text.gpio_set_output_options
                0x00000000       0x36 ../libopencm3/lib/libopencm3_stm32f4.a(gpio_common_f0234.o)
 .text          0x00000000        0x0 ../libopencm3/lib/libopencm3_stm32f4.a(flash_common_f234.o)
 .data          0x00000000        0x0 ../libopencm3/lib/libopencm3_stm32f4.a(flash_common_f234.o)
 .bss           0x00000000        0x0 ../libopencm3/lib/libopencm3_stm32f4.a(flash_common_f234.o)
 .text.flash_unlock
                0x00000000       0x24 ../libopencm3/lib/libopencm3_stm32f4.a(flash_common_f234.o)
 .text.flash_lock
                0x00000000       0x10 ../libopencm3/lib/libopencm3_stm32f4.a(flash_common_f234.o)
 .text.flash_clear_pgperr_flag
                0x00000000       0x10 ../libopencm3/lib/libopencm3_stm32f4.a(flash_common_f234.o)
 .text.flash_clear_eop_flag
                0x00000000       0x10 ../libopencm3/lib/libopencm3_stm32f4.a(flash_common_f234.o)
 .text.flash_clear_bsy_flag
                0x00000000       0x10 ../libopencm3/lib/libopencm3_stm32f4.a(flash_common_f234.o)
 .text.flash_wait_for_last_operation
                0x00000000       0x10 ../libopencm3/lib/libopencm3_stm32f4.a(flash_common_f234.o)
 .text          0x00000000        0x0 ../libopencm3/lib/libopencm3_stm32f4.a(rcc_common_all.o)
 .data          0x00000000        0x0 ../libopencm3/lib/libopencm3_stm32f4.a(rcc_common_all.o)
 .bss           0x00000000        0x0 ../libopencm3/lib/libopencm3_stm32f4.a(rcc_common_all.o)
 .text.rcc_peripheral_enable_clock
                0x00000000        0x8 ../libopencm3/lib/libopencm3_stm32f4.a(rcc_common_all.o)
 .text.rcc_peripheral_disable_clock
                0x00000000        0xa ../libopencm3/lib/libopencm3_stm32f4.a(rcc_common_all.o)
 .text.rcc_peripheral_reset
                0x00000000        0x8 ../libopencm3/lib/libopencm3_stm32f4.a(rcc_common_all.o)
 .text.rcc_peripheral_clear_reset
                0x00000000        0xa ../libopencm3/lib/libopencm3_stm32f4.a(rcc_common_all.o)
 .text.rcc_periph_clock_disable
                0x00000000       0x1c ../libopencm3/lib/libopencm3_stm32f4.a(rcc_common_all.o)
 .text.rcc_periph_reset_pulse
                0x00000000       0x22 ../libopencm3/lib/libopencm3_stm32f4.a(rcc_common_all.o)
 .text.rcc_periph_reset_hold
                0x00000000       0x1a ../libopencm3/lib/libopencm3_stm32f4.a(rcc_common_all.o)
 .text.rcc_periph_reset_release
                0x00000000       0x1c ../libopencm3/lib/libopencm3_stm32f4.a(rcc_common_all.o)
 .text          0x00000000        0x0 ../libopencm3/lib/libopencm3_stm32f4.a(usb.o)
 .data          0x00000000        0x0 ../libopencm3/lib/libopencm3_stm32f4.a(usb.o)
 .bss           0x00000000        0x0 ../libopencm3/lib/libopencm3_stm32f4.a(usb.o)
 .text.usbd_register_reset_callback
                0x00000000        0x4 ../libopencm3/lib/libopencm3_stm32f4.a(usb.o)
 .text.usbd_register_suspend_callback
                0x00000000        0x4 ../libopencm3/lib/libopencm3_stm32f4.a(usb.o)
 .text.usbd_register_resume_callback
                0x00000000        0x4 ../libopencm3/lib/libopencm3_stm32f4.a(usb.o)
 .text.usbd_register_sof_callback
                0x00000000        0x4 ../libopencm3/lib/libopencm3_stm32f4.a(usb.o)
 .text.usbd_disconnect
                0x00000000        0xc ../libopencm3/lib/libopencm3_stm32f4.a(usb.o)
 .text.usbd_ep_nak_set
                0x00000000        0x8 ../libopencm3/lib/libopencm3_stm32f4.a(usb.o)
 .text          0x00000000        0x0 ../libopencm3/lib/libopencm3_stm32f4.a(usb_standard.o)
 .data          0x00000000        0x0 ../libopencm3/lib/libopencm3_stm32f4.a(usb_standard.o)
 .bss           0x00000000        0x0 ../libopencm3/lib/libopencm3_stm32f4.a(usb_standard.o)
 .text          0x00000000        0x0 ../libopencm3/lib/libopencm3_stm32f4.a(usb_control.o)
 .data          0x00000000        0x0 ../libopencm3/lib/libopencm3_stm32f4.a(usb_control.o)
 .bss           0x00000000        0x0 ../libopencm3/lib/libopencm3_stm32f4.a(usb_control.o)
 .text          0x00000000        0x0 ../libopencm3/lib/libopencm3_stm32f4.a(usb_f107.o)
 .data          0x00000000        0x0 ../libopencm3/lib/libopencm3_stm32f4.a(usb_f107.o)
 .bss           0x00000000        0x0 ../libopencm3/lib/libopencm3_stm32f4.a(usb_f107.o)
 .text          0x00000000        0x0 ../libopencm3/lib/libopencm3_stm32f4.a(vector.o)
 .data          0x00000000        0x0 ../libopencm3/lib/libopencm3_stm32f4.a(vector.o)
 .bss           0x00000000        0x0 ../libopencm3/lib/libopencm3_stm32f4.a(vector.o)
 .text          0x00000000        0x0 ../libopencm3/lib/libopencm3_stm32f4.a(assert.o)
 .data          0x00000000        0x0 ../libopencm3/lib/libopencm3_stm32f4.a(assert.o)
 .bss           0x00000000        0x0 ../libopencm3/lib/libopencm3_stm32f4.a(assert.o)
 .text.cm3_assert_failed
                0x00000000        0x2 ../libopencm3/lib/libopencm3_stm32f4.a(assert.o)
 .text.cm3_assert_failed_verbose
                0x00000000        0x6 ../libopencm3/lib/libopencm3_stm32f4.a(assert.o)
 .debug_info    0x00000000       0xea ../libopencm3/lib/libopencm3_stm32f4.a(assert.o)
 .debug_abbrev  0x00000000       0x86 ../libopencm3/lib/libopencm3_stm32f4.a(assert.o)
 .debug_loc     0x00000000       0x84 ../libopencm3/lib/libopencm3_stm32f4.a(assert.o)
 .debug_aranges
                0x00000000       0x28 ../libopencm3/lib/libopencm3_stm32f4.a(assert.o)
 .debug_ranges  0x00000000       0x18 ../libopencm3/lib/libopencm3_stm32f4.a(assert.o)
 .debug_line    0x00000000       0x57 ../libopencm3/lib/libopencm3_stm32f4.a(assert.o)
 .debug_str     0x00000000      0x1e6 ../libopencm3/lib/libopencm3_stm32f4.a(assert.o)
 .comment       0x00000000       0x71 ../libopencm3/lib/libopencm3_stm32f4.a(assert.o)
 .debug_frame   0x00000000       0x38 ../libopencm3/lib/libopencm3_stm32f4.a(assert.o)
 .ARM.attributes
                0x00000000       0x39 ../libopencm3/lib/libopencm3_stm32f4.a(assert.o)
 .text          0x00000000        0x0 ../libopencm3/lib/libopencm3_stm32f4.a(pwr.o)
 .data          0x00000000        0x0 ../libopencm3/lib/libopencm3_stm32f4.a(pwr.o)
 .bss           0x00000000        0x0 ../libopencm3/lib/libopencm3_stm32f4.a(pwr.o)
 .text          0x00000000        0x0 ../libopencm3/lib/libopencm3_stm32f4.a(usb_fx07_common.o)
 .data          0x00000000        0x0 ../libopencm3/lib/libopencm3_stm32f4.a(usb_fx07_common.o)
 .bss           0x00000000        0x0 ../libopencm3/lib/libopencm3_stm32f4.a(usb_fx07_common.o)
 .text          0x00000000        0x0 /home/mike1000/STM32_STUFF/gcc-arm-none-eabi-4_9-2014q4/bin/../lib/gcc/arm-none-eabi/4.9.3/../../../../arm-none-eabi/lib/libc.a(lib_a-memcpy.o)
 .data          0x00000000        0x0 /home/mike1000/STM32_STUFF/gcc-arm-none-eabi-4_9-2014q4/bin/../lib/gcc/arm-none-eabi/4.9.3/../../../../arm-none-eabi/lib/libc.a(lib_a-memcpy.o)
 .bss           0x00000000        0x0 /home/mike1000/STM32_STUFF/gcc-arm-none-eabi-4_9-2014q4/bin/../lib/gcc/arm-none-eabi/4.9.3/../../../../arm-none-eabi/lib/libc.a(lib_a-memcpy.o)
 .text          0x00000000        0x0 /home/mike1000/STM32_STUFF/gcc-arm-none-eabi-4_9-2014q4/bin/../lib/gcc/arm-none-eabi/4.9.3/../../../../arm-none-eabi/lib/libc.a(lib_a-strlen.o)
 .data          0x00000000        0x0 /home/mike1000/STM32_STUFF/gcc-arm-none-eabi-4_9-2014q4/bin/../lib/gcc/arm-none-eabi/4.9.3/../../../../arm-none-eabi/lib/libc.a(lib_a-strlen.o)
 .bss           0x00000000        0x0 /home/mike1000/STM32_STUFF/gcc-arm-none-eabi-4_9-2014q4/bin/../lib/gcc/arm-none-eabi/4.9.3/../../../../arm-none-eabi/lib/libc.a(lib_a-strlen.o)

Memory Configuration

Name             Origin             Length             Attributes
rom              0x08000000         0x00100000         xr
ram              0x20000000         0x00020000         xrw
*default*        0x00000000         0xffffffff

Linker script and memory map

LOAD cdcacm.o
LOAD ../libopencm3/lib/libopencm3_stm32f4.a
START GROUP
LOAD /home/mike1000/STM32_STUFF/gcc-arm-none-eabi-4_9-2014q4/bin/../lib/gcc/arm-none-eabi/4.9.3/../../../../arm-none-eabi/lib/libc.a
LOAD /home/mike1000/STM32_STUFF/gcc-arm-none-eabi-4_9-2014q4/bin/../lib/gcc/arm-none-eabi/4.9.3/libgcc.a
LOAD /home/mike1000/STM32_STUFF/gcc-arm-none-eabi-4_9-2014q4/bin/../lib/gcc/arm-none-eabi/4.9.3/../../../../arm-none-eabi/lib/libnosys.a
END GROUP
START GROUP
LOAD /home/mike1000/STM32_STUFF/gcc-arm-none-eabi-4_9-2014q4/bin/../lib/gcc/arm-none-eabi/4.9.3/libgcc.a
LOAD /home/mike1000/STM32_STUFF/gcc-arm-none-eabi-4_9-2014q4/bin/../lib/gcc/arm-none-eabi/4.9.3/../../../../arm-none-eabi/lib/libc.a
END GROUP

.text           0x08000000     0x1554
 *(.vectors)
 .vectors       0x08000000      0x1ac ../libopencm3/lib/libopencm3_stm32f4.a(vector.o)
                0x08000000                vector_table
 *(.text*)
 .text.cdcacm_control_request
                0x080001ac       0x1c cdcacm.o
 .text.cdcacm_set_config
                0x080001c8       0x4c cdcacm.o
 .text.cdcacm_data_rx_cb
                0x08000214       0x28 cdcacm.o
 .text.startup.main
                0x0800023c       0x94 cdcacm.o
                0x0800023c                main
 .text.rcc_wait_for_osc_ready
                0x080002d0       0x4c ../libopencm3/lib/libopencm3_stm32f4.a(rcc.o)
                0x080002d0                rcc_wait_for_osc_ready
 .text.rcc_osc_on
                0x0800031c       0x44 ../libopencm3/lib/libopencm3_stm32f4.a(rcc.o)
                0x0800031c                rcc_osc_on
 .text.rcc_osc_off
                0x08000360       0x44 ../libopencm3/lib/libopencm3_stm32f4.a(rcc.o)
                0x08000360                rcc_osc_off
 .text.rcc_set_sysclk_source
                0x080003a4       0x14 ../libopencm3/lib/libopencm3_stm32f4.a(rcc.o)
                0x080003a4                rcc_set_sysclk_source
 .text.rcc_set_ppre2
                0x080003b8       0x14 ../libopencm3/lib/libopencm3_stm32f4.a(rcc.o)
                0x080003b8                rcc_set_ppre2
 .text.rcc_set_ppre1
                0x080003cc       0x14 ../libopencm3/lib/libopencm3_stm32f4.a(rcc.o)
                0x080003cc                rcc_set_ppre1
 .text.rcc_set_hpre
                0x080003e0       0x14 ../libopencm3/lib/libopencm3_stm32f4.a(rcc.o)
                0x080003e0                rcc_set_hpre
 .text.rcc_set_main_pll_hse
                0x080003f4       0x20 ../libopencm3/lib/libopencm3_stm32f4.a(rcc.o)
                0x080003f4                rcc_set_main_pll_hse
 .text.rcc_clock_setup_hse_3v3
                0x08000414       0x98 ../libopencm3/lib/libopencm3_stm32f4.a(rcc.o)
                0x08000414                rcc_clock_setup_hse_3v3
 .text.gpio_mode_setup
                0x080004ac       0x3a ../libopencm3/lib/libopencm3_stm32f4.a(gpio_common_f0234.o)
                0x080004ac                gpio_mode_setup
 .text.gpio_set_af
                0x080004e6       0x54 ../libopencm3/lib/libopencm3_stm32f4.a(gpio_common_f0234.o)
                0x080004e6                gpio_set_af
 *fill*         0x0800053a        0x2 
 .text.flash_set_ws
                0x0800053c       0x14 ../libopencm3/lib/libopencm3_stm32f4.a(flash_common_f234.o)
                0x0800053c                flash_set_ws
 .text.rcc_periph_clock_enable
                0x08000550       0x1a ../libopencm3/lib/libopencm3_stm32f4.a(rcc_common_all.o)
                0x08000550                rcc_periph_clock_enable
 *fill*         0x0800056a        0x2 
 .text.usbd_init
                0x0800056c       0x58 ../libopencm3/lib/libopencm3_stm32f4.a(usb.o)
                0x0800056c                usbd_init
 .text.usbd_poll
                0x080005c4        0x8 ../libopencm3/lib/libopencm3_stm32f4.a(usb.o)
                0x080005c4                usbd_poll
 .text.usbd_ep_setup
                0x080005cc       0x10 ../libopencm3/lib/libopencm3_stm32f4.a(usb.o)
                0x080005cc                usbd_ep_setup
 .text._usbd_reset
                0x080005dc       0x32 ../libopencm3/lib/libopencm3_stm32f4.a(usb.o)
                0x080005dc                _usbd_reset
 .text.usbd_ep_write_packet
                0x0800060e       0x10 ../libopencm3/lib/libopencm3_stm32f4.a(usb.o)
                0x0800060e                usbd_ep_write_packet
 .text.usbd_ep_read_packet
                0x0800061e       0x10 ../libopencm3/lib/libopencm3_stm32f4.a(usb.o)
                0x0800061e                usbd_ep_read_packet
 .text.usbd_ep_stall_set
                0x0800062e        0x8 ../libopencm3/lib/libopencm3_stm32f4.a(usb.o)
                0x0800062e                usbd_ep_stall_set
 .text.usbd_ep_stall_get
                0x08000636        0x8 ../libopencm3/lib/libopencm3_stm32f4.a(usb.o)
                0x08000636                usbd_ep_stall_get
 .text.usb_standard_get_configuration
                0x0800063e       0x14 ../libopencm3/lib/libopencm3_stm32f4.a(usb_standard.o)
 .text.usb_standard_set_interface
                0x08000652        0xe ../libopencm3/lib/libopencm3_stm32f4.a(usb_standard.o)
 .text.usb_standard_get_interface
                0x08000660        0xc ../libopencm3/lib/libopencm3_stm32f4.a(usb_standard.o)
 .text.usb_standard_device_get_status
                0x0800066c       0x18 ../libopencm3/lib/libopencm3_stm32f4.a(usb_standard.o)
 .text.usb_standard_interface_get_status
                0x08000684       0x18 ../libopencm3/lib/libopencm3_stm32f4.a(usb_standard.o)
 .text.usb_standard_endpoint_get_status
                0x0800069c       0x2a ../libopencm3/lib/libopencm3_stm32f4.a(usb_standard.o)
 .text.usb_standard_endpoint_stall
                0x080006c6       0x10 ../libopencm3/lib/libopencm3_stm32f4.a(usb_standard.o)
 .text.usb_standard_endpoint_unstall
                0x080006d6       0x10 ../libopencm3/lib/libopencm3_stm32f4.a(usb_standard.o)
 .text.usb_standard_set_address
                0x080006e6       0x2a ../libopencm3/lib/libopencm3_stm32f4.a(usb_standard.o)
 .text.usb_standard_set_configuration
                0x08000710       0x44 ../libopencm3/lib/libopencm3_stm32f4.a(usb_standard.o)
 .text.usb_standard_get_descriptor
                0x08000754      0x264 ../libopencm3/lib/libopencm3_stm32f4.a(usb_standard.o)
 .text.usbd_register_set_config_callback
                0x080009b8       0x26 ../libopencm3/lib/libopencm3_stm32f4.a(usb_standard.o)
                0x080009b8                usbd_register_set_config_callback
 *fill*         0x080009de        0x2 
 .text._usbd_standard_request_device
                0x080009e0       0x20 ../libopencm3/lib/libopencm3_stm32f4.a(usb_standard.o)
                0x080009e0                _usbd_standard_request_device
 .text._usbd_standard_request_interface
                0x08000a00       0x20 ../libopencm3/lib/libopencm3_stm32f4.a(usb_standard.o)
                0x08000a00                _usbd_standard_request_interface
 .text._usbd_standard_request_endpoint
                0x08000a20       0x3c ../libopencm3/lib/libopencm3_stm32f4.a(usb_standard.o)
                0x08000a20                _usbd_standard_request_endpoint
 .text._usbd_standard_request
                0x08000a5c       0x34 ../libopencm3/lib/libopencm3_stm32f4.a(usb_standard.o)
                0x08000a5c                _usbd_standard_request
 .text.stall_transaction
                0x08000a90       0x14 ../libopencm3/lib/libopencm3_stm32f4.a(usb_control.o)
 .text.usb_control_recv_chunk
                0x08000aa4       0x3a ../libopencm3/lib/libopencm3_stm32f4.a(usb_control.o)
 .text.usb_control_send_chunk
                0x08000ade       0x46 ../libopencm3/lib/libopencm3_stm32f4.a(usb_control.o)
 .text.usb_control_request_dispatch
                0x08000b24       0x5c ../libopencm3/lib/libopencm3_stm32f4.a(usb_control.o)
 .text.usb_control_setup_read
                0x08000b80       0x40 ../libopencm3/lib/libopencm3_stm32f4.a(usb_control.o)
 .text.usbd_register_control_callback
                0x08000bc0       0x26 ../libopencm3/lib/libopencm3_stm32f4.a(usb_control.o)
                0x08000bc0                usbd_register_control_callback
 .text._usbd_control_setup
                0x08000be6       0x5a ../libopencm3/lib/libopencm3_stm32f4.a(usb_control.o)
                0x08000be6                _usbd_control_setup
 .text._usbd_control_out
                0x08000c40       0x86 ../libopencm3/lib/libopencm3_stm32f4.a(usb_control.o)
                0x08000c40                _usbd_control_out
 .text._usbd_control_in
                0x08000cc6       0x56 ../libopencm3/lib/libopencm3_stm32f4.a(usb_control.o)
                0x08000cc6                _usbd_control_in
 .text.stm32f107_usbd_init
                0x08000d1c       0x9c ../libopencm3/lib/libopencm3_stm32f4.a(usb_f107.o)
 .text.blocking_handler
                0x08000db8        0x2 ../libopencm3/lib/libopencm3_stm32f4.a(vector.o)
                0x08000db8                dma2_stream1_isr
                0x08000db8                tim8_brk_tim12_isr
                0x08000db8                dma1_stream7_isr
                0x08000db8                usart3_isr
                0x08000db8                tim7_isr
                0x08000db8                dma2d_isr
                0x08000db8                uart8_isr
                0x08000db8                dma1_stream2_isr
                0x08000db8                otg_hs_isr
                0x08000db8                blocking_handler
                0x08000db8                tim5_isr
                0x08000db8                rtc_wkup_isr
                0x08000db8                otg_fs_isr
                0x08000db8                spi1_isr
                0x08000db8                i2c3_er_isr
                0x08000db8                exti2_isr
                0x08000db8                spi5_isr
                0x08000db8                usb_fs_wkup_isr
                0x08000db8                tamp_stamp_isr
                0x08000db8                can1_rx1_isr
                0x08000db8                dma2_stream0_isr
                0x08000db8                usart1_isr
                0x08000db8                i2c3_ev_isr
                0x08000db8                usage_fault_handler
                0x08000db8                can2_rx0_isr
                0x08000db8                dma1_stream6_isr
                0x08000db8                can2_rx1_isr
                0x08000db8                can1_sce_isr
                0x08000db8                tim1_cc_isr
                0x08000db8                can1_tx_isr
                0x08000db8                tim1_up_tim10_isr
                0x08000db8                sdio_isr
                0x08000db8                eth_isr
                0x08000db8                spi6_isr
                0x08000db8                dma2_stream5_isr
                0x08000db8                pvd_isr
                0x08000db8                can1_rx0_isr
                0x08000db8                rcc_isr
                0x08000db8                dma2_stream3_isr
                0x08000db8                flash_isr
                0x08000db8                uart4_isr
                0x08000db8                lcd_tft_isr
                0x08000db8                rtc_alarm_isr
                0x08000db8                exti15_10_isr
                0x08000db8                hash_rng_isr
                0x08000db8                tim1_trg_com_tim11_isr
                0x08000db8                hard_fault_handler
                0x08000db8                exti1_isr
                0x08000db8                i2c1_ev_isr
                0x08000db8                usart6_isr
                0x08000db8                spi2_isr
                0x08000db8                cryp_isr
                0x08000db8                nvic_wwdg_isr
                0x08000db8                dma1_stream1_isr
                0x08000db8                dma2_stream4_isr
                0x08000db8                exti3_isr
                0x08000db8                tim3_isr
                0x08000db8                usart2_isr
                0x08000db8                sai1_isr
                0x08000db8                fpu_isr
                0x08000db8                dma1_stream4_isr
                0x08000db8                i2c2_er_isr
                0x08000db8                i2c2_ev_isr
                0x08000db8                uart5_isr
                0x08000db8                dma2_stream6_isr
                0x08000db8                spi4_isr
                0x08000db8                adc_isr
                0x08000db8                dma2_stream7_isr
                0x08000db8                tim8_up_tim13_isr
                0x08000db8                fsmc_isr
                0x08000db8                exti4_isr
                0x08000db8                tim6_dac_isr
                0x08000db8                dma1_stream3_isr
                0x08000db8                tim8_trg_com_tim14_isr
                0x08000db8                mem_manage_handler
                0x08000db8                lcd_tft_err_isr
                0x08000db8                can2_tx_isr
                0x08000db8                exti9_5_isr
                0x08000db8                tim1_brk_tim9_isr
                0x08000db8                uart7_isr
                0x08000db8                can2_sce_isr
                0x08000db8                tim4_isr
                0x08000db8                otg_hs_wkup_isr
                0x08000db8                i2c1_er_isr
                0x08000db8                dma1_stream0_isr
                0x08000db8                tim8_cc_isr
                0x08000db8                dcmi_isr
                0x08000db8                dma2_stream2_isr
                0x08000db8                eth_wkup_isr
                0x08000db8                bus_fault_handler
                0x08000db8                otg_hs_ep1_out_isr
                0x08000db8                spi3_isr
                0x08000db8                dma1_stream5_isr
                0x08000db8                otg_hs_ep1_in_isr
                0x08000db8                tim2_isr
                0x08000db8                exti0_isr
 .text.null_handler
                0x08000dba        0x2 ../libopencm3/lib/libopencm3_stm32f4.a(vector.o)
                0x08000dba                null_handler
                0x08000dba                sv_call_handler
                0x08000dba                pend_sv_handler
                0x08000dba                debug_monitor_handler
                0x08000dba                sys_tick_handler
                0x08000dba                nmi_handler
 .text.reset_handler
                0x08000dbc       0x90 ../libopencm3/lib/libopencm3_stm32f4.a(vector.o)
                0x08000dbc                reset_handler
 .text.pwr_set_vos_scale
                0x08000e4c       0x20 ../libopencm3/lib/libopencm3_stm32f4.a(pwr.o)
                0x08000e4c                pwr_set_vos_scale
 .text.stm32fx07_set_address
                0x08000e6c       0x18 ../libopencm3/lib/libopencm3_stm32f4.a(usb_fx07_common.o)
                0x08000e6c                stm32fx07_set_address
 .text.stm32fx07_ep_setup
                0x08000e84      0x144 ../libopencm3/lib/libopencm3_stm32f4.a(usb_fx07_common.o)
                0x08000e84                stm32fx07_ep_setup
 .text.stm32fx07_endpoints_reset
                0x08000fc8        0xa ../libopencm3/lib/libopencm3_stm32f4.a(usb_fx07_common.o)
                0x08000fc8                stm32fx07_endpoints_reset
 .text.stm32fx07_ep_stall_set
                0x08000fd2       0x4e ../libopencm3/lib/libopencm3_stm32f4.a(usb_fx07_common.o)
                0x08000fd2                stm32fx07_ep_stall_set
 .text.stm32fx07_ep_stall_get
                0x08001020       0x1e ../libopencm3/lib/libopencm3_stm32f4.a(usb_fx07_common.o)
                0x08001020                stm32fx07_ep_stall_get
 .text.stm32fx07_ep_nak_set
                0x0800103e       0x2a ../libopencm3/lib/libopencm3_stm32f4.a(usb_fx07_common.o)
                0x0800103e                stm32fx07_ep_nak_set
 .text.stm32fx07_ep_write_packet
                0x08001068       0x52 ../libopencm3/lib/libopencm3_stm32f4.a(usb_fx07_common.o)
                0x08001068                stm32fx07_ep_write_packet
 .text.stm32fx07_ep_read_packet
                0x080010ba       0x84 ../libopencm3/lib/libopencm3_stm32f4.a(usb_fx07_common.o)
                0x080010ba                stm32fx07_ep_read_packet
 .text.stm32fx07_poll
                0x0800113e      0x106 ../libopencm3/lib/libopencm3_stm32f4.a(usb_fx07_common.o)
                0x0800113e                stm32fx07_poll
 .text.stm32fx07_disconnect
                0x08001244       0x1c ../libopencm3/lib/libopencm3_stm32f4.a(usb_fx07_common.o)
                0x08001244                stm32fx07_disconnect
 .text.memcpy   0x08001260       0xf0 /home/mike1000/STM32_STUFF/gcc-arm-none-eabi-4_9-2014q4/bin/../lib/gcc/arm-none-eabi/4.9.3/../../../../arm-none-eabi/lib/libc.a(lib_a-memcpy.o)
                0x08001260                memcpy
 .text.strlen   0x08001350       0x60 /home/mike1000/STM32_STUFF/gcc-arm-none-eabi-4_9-2014q4/bin/../lib/gcc/arm-none-eabi/4.9.3/../../../../arm-none-eabi/lib/libc.a(lib_a-strlen.o)
                0x08001350                strlen
                0x080013b0                . = ALIGN (0x4)
 *(.rodata*)
 .rodata.dev    0x080013b0       0x12 cdcacm.o
 .rodata.data_endp
                0x080013c2       0x1e cdcacm.o
 .rodata.comm_endp
                0x080013e0        0xf cdcacm.o
 .rodata.config
                0x080013ef        0xd cdcacm.o
 .rodata.comm_iface
                0x080013fc       0x15 cdcacm.o
 .rodata.str1.1
                0x08001411       0x2c cdcacm.o
 .rodata.data_iface
                0x0800143d       0x15 cdcacm.o
 *fill*         0x08001452        0x2 
 .rodata.ifaces
                0x08001454       0x18 cdcacm.o
 .rodata.cdcacm_functional_descriptors
                0x0800146c       0x13 cdcacm.o
 *fill*         0x0800147f        0x1 
 .rodata.hse_8mhz_3v3
                0x08001480       0x48 ../libopencm3/lib/libopencm3_stm32f4.a(rcc.o)
                0x08001480                hse_8mhz_3v3
 .rodata.CSWTCH.22
                0x080014c8       0x28 ../libopencm3/lib/libopencm3_stm32f4.a(usb_standard.o)
 .rodata.CSWTCH.24
                0x080014f0       0x30 ../libopencm3/lib/libopencm3_stm32f4.a(usb_standard.o)
 .rodata.stm32f107_usb_driver
                0x08001520       0x34 ../libopencm3/lib/libopencm3_stm32f4.a(usb_f107.o)
                0x08001520                stm32f107_usb_driver
                0x08001554                . = ALIGN (0x4)

.glue_7         0x08001554        0x0
 .glue_7        0x00000000        0x0 linker stubs

.glue_7t        0x08001554        0x0
 .glue_7t       0x00000000        0x0 linker stubs

.vfp11_veneer   0x08001554        0x0
 .vfp11_veneer  0x00000000        0x0 linker stubs

.v4_bx          0x08001554        0x0
 .v4_bx         0x00000000        0x0 linker stubs

.iplt           0x08001554        0x0
 .iplt          0x00000000        0x0 cdcacm.o

.rel.dyn        0x08001554        0x0
 .rel.iplt      0x00000000        0x0 cdcacm.o

.preinit_array  0x08001554        0x0
                0x08001554                . = ALIGN (0x4)
                0x08001554                __preinit_array_start = .
 *(.preinit_array)
                0x08001554                __preinit_array_end = .

.init_array     0x08001554        0x0
                0x08001554                . = ALIGN (0x4)
                0x08001554                __init_array_start = .
 *(SORT(.init_array.*))
 *(.init_array)
                0x08001554                __init_array_end = .

.fini_array     0x08001554        0x0
                0x08001554                . = ALIGN (0x4)
                0x08001554                __fini_array_start = .
 *(.fini_array)
 *(SORT(.fini_array.*))
                0x08001554                __fini_array_end = .

.ARM.extab
 *(.ARM.extab*)

.ARM.exidx      0x08001554        0x0
                0x08001554                __exidx_start = .
 *(.ARM.exidx*)
                0x08001554                __exidx_end = .
                0x08001554                . = ALIGN (0x4)
                0x08001554                _etext = .

.data           0x20000000       0x14 load address 0x08001554
                0x20000000                _data = .
 *(.data*)
 .data.usb_strings
                0x20000000        0xc cdcacm.o
 .data.rcc_apb1_frequency
                0x2000000c        0x4 ../libopencm3/lib/libopencm3_stm32f4.a(rcc.o)
                0x2000000c                rcc_apb1_frequency
 .data.rcc_apb2_frequency
                0x20000010        0x4 ../libopencm3/lib/libopencm3_stm32f4.a(rcc.o)
                0x20000010                rcc_apb2_frequency
                0x20000014                . = ALIGN (0x4)
                0x20000014                _edata = .
                0x08001554                _data_loadaddr = LOADADDR (.data)

.igot.plt       0x20000014        0x0 load address 0x08001568
 .igot.plt      0x00000000        0x0 cdcacm.o

.bss            0x20000014      0x588 load address 0x08001568
 *(.bss*)
 .bss.input_ring
                0x20000014       0x10 cdcacm.o
                0x20000014                input_ring
 .bss.usbd_dev  0x20000024        0x4 cdcacm.o
                0x20000024                usbd_dev
 .bss.input_ring_buffer
                0x20000028      0x400 cdcacm.o
                0x20000028                input_ring_buffer
 .bss.usbd_control_buffer
                0x20000428       0x80 cdcacm.o
                0x20000428                usbd_control_buffer
 .bss.usbd_dev  0x200004a8       0xf4 ../libopencm3/lib/libopencm3_stm32f4.a(usb_f107.o)
 *(COMMON)
                0x2000059c                . = ALIGN (0x4)
                0x2000059c                _ebss = .

/DISCARD/
 *(.eh_frame)
                0x2000059c                . = ALIGN (0x4)
                0x2000059c                end = .
                0x20020000                PROVIDE (_stack, (ORIGIN (ram) + 0x20000))
OUTPUT(cdcacm elf32-littlearm)

.debug_info     0x00000000     0x6c2b
 .debug_info    0x00000000     0x1175 cdcacm.o
 .debug_info    0x00001175      0x842 ../libopencm3/lib/libopencm3_stm32f4.a(rcc.o)
 .debug_info    0x000019b7      0x1e7 ../libopencm3/lib/libopencm3_stm32f4.a(gpio_common_f0234.o)
 .debug_info    0x00001b9e      0x11b ../libopencm3/lib/libopencm3_stm32f4.a(flash_common_f234.o)
 .debug_info    0x00001cb9      0x787 ../libopencm3/lib/libopencm3_stm32f4.a(rcc_common_all.o)
 .debug_info    0x00002440      0xd33 ../libopencm3/lib/libopencm3_stm32f4.a(usb.o)
 .debug_info    0x00003173     0x138a ../libopencm3/lib/libopencm3_stm32f4.a(usb_standard.o)
 .debug_info    0x000044fd      0xe43 ../libopencm3/lib/libopencm3_stm32f4.a(usb_control.o)
 .debug_info    0x00005340      0x8de ../libopencm3/lib/libopencm3_stm32f4.a(usb_f107.o)
 .debug_info    0x00005c1e      0x2ab ../libopencm3/lib/libopencm3_stm32f4.a(vector.o)
 .debug_info    0x00005ec9       0xc1 ../libopencm3/lib/libopencm3_stm32f4.a(pwr.o)
 .debug_info    0x00005f8a      0xca1 ../libopencm3/lib/libopencm3_stm32f4.a(usb_fx07_common.o)

.debug_abbrev   0x00000000     0x1470
 .debug_abbrev  0x00000000      0x29a cdcacm.o
 .debug_abbrev  0x0000029a      0x286 ../libopencm3/lib/libopencm3_stm32f4.a(rcc.o)
 .debug_abbrev  0x00000520       0xb4 ../libopencm3/lib/libopencm3_stm32f4.a(gpio_common_f0234.o)
 .debug_abbrev  0x000005d4       0x87 ../libopencm3/lib/libopencm3_stm32f4.a(flash_common_f234.o)
 .debug_abbrev  0x0000065b       0xbe ../libopencm3/lib/libopencm3_stm32f4.a(rcc_common_all.o)
 .debug_abbrev  0x00000719      0x1dc ../libopencm3/lib/libopencm3_stm32f4.a(usb.o)
 .debug_abbrev  0x000008f5      0x370 ../libopencm3/lib/libopencm3_stm32f4.a(usb_standard.o)
 .debug_abbrev  0x00000c65      0x300 ../libopencm3/lib/libopencm3_stm32f4.a(usb_control.o)
 .debug_abbrev  0x00000f65      0x10b ../libopencm3/lib/libopencm3_stm32f4.a(usb_f107.o)
 .debug_abbrev  0x00001070      0x144 ../libopencm3/lib/libopencm3_stm32f4.a(vector.o)
 .debug_abbrev  0x000011b4       0x74 ../libopencm3/lib/libopencm3_stm32f4.a(pwr.o)
 .debug_abbrev  0x00001228      0x248 ../libopencm3/lib/libopencm3_stm32f4.a(usb_fx07_common.o)

.debug_loc      0x00000000     0x277d
 .debug_loc     0x00000000       0xfd cdcacm.o
 .debug_loc     0x000000fd      0x386 ../libopencm3/lib/libopencm3_stm32f4.a(rcc.o)
 .debug_loc     0x00000483       0xcd ../libopencm3/lib/libopencm3_stm32f4.a(gpio_common_f0234.o)
 .debug_loc     0x00000550       0x3f ../libopencm3/lib/libopencm3_stm32f4.a(flash_common_f234.o)
 .debug_loc     0x0000058f      0x129 ../libopencm3/lib/libopencm3_stm32f4.a(rcc_common_all.o)
 .debug_loc     0x000006b8      0x4b1 ../libopencm3/lib/libopencm3_stm32f4.a(usb.o)
 .debug_loc     0x00000b69      0xfb4 ../libopencm3/lib/libopencm3_stm32f4.a(usb_standard.o)
 .debug_loc     0x00001b1d      0x567 ../libopencm3/lib/libopencm3_stm32f4.a(usb_control.o)
 .debug_loc     0x00002084       0xac ../libopencm3/lib/libopencm3_stm32f4.a(vector.o)
 .debug_loc     0x00002130      0x64d ../libopencm3/lib/libopencm3_stm32f4.a(usb_fx07_common.o)

.debug_aranges  0x00000000      0x448
 .debug_aranges
                0x00000000       0x38 cdcacm.o
 .debug_aranges
                0x00000038       0xd8 ../libopencm3/lib/libopencm3_stm32f4.a(rcc.o)
 .debug_aranges
                0x00000110       0x30 ../libopencm3/lib/libopencm3_stm32f4.a(gpio_common_f0234.o)
 .debug_aranges
                0x00000140       0x50 ../libopencm3/lib/libopencm3_stm32f4.a(flash_common_f234.o)
 .debug_aranges
                0x00000190       0x60 ../libopencm3/lib/libopencm3_stm32f4.a(rcc_common_all.o)
 .debug_aranges
                0x000001f0       0x88 ../libopencm3/lib/libopencm3_stm32f4.a(usb.o)
 .debug_aranges
                0x00000278       0x98 ../libopencm3/lib/libopencm3_stm32f4.a(usb_standard.o)
 .debug_aranges
                0x00000310       0x60 ../libopencm3/lib/libopencm3_stm32f4.a(usb_control.o)
 .debug_aranges
                0x00000370       0x20 ../libopencm3/lib/libopencm3_stm32f4.a(usb_f107.o)
 .debug_aranges
                0x00000390       0x30 ../libopencm3/lib/libopencm3_stm32f4.a(vector.o)
 .debug_aranges
                0x000003c0       0x20 ../libopencm3/lib/libopencm3_stm32f4.a(pwr.o)
 .debug_aranges
                0x000003e0       0x68 ../libopencm3/lib/libopencm3_stm32f4.a(usb_fx07_common.o)

.debug_ranges   0x00000000      0x3f8
 .debug_ranges  0x00000000       0x28 cdcacm.o
 .debug_ranges  0x00000028       0xc8 ../libopencm3/lib/libopencm3_stm32f4.a(rcc.o)
 .debug_ranges  0x000000f0       0x20 ../libopencm3/lib/libopencm3_stm32f4.a(gpio_common_f0234.o)
 .debug_ranges  0x00000110       0x40 ../libopencm3/lib/libopencm3_stm32f4.a(flash_common_f234.o)
 .debug_ranges  0x00000150       0x50 ../libopencm3/lib/libopencm3_stm32f4.a(rcc_common_all.o)
 .debug_ranges  0x000001a0       0x78 ../libopencm3/lib/libopencm3_stm32f4.a(usb.o)
 .debug_ranges  0x00000218       0xe0 ../libopencm3/lib/libopencm3_stm32f4.a(usb_standard.o)
 .debug_ranges  0x000002f8       0x50 ../libopencm3/lib/libopencm3_stm32f4.a(usb_control.o)
 .debug_ranges  0x00000348       0x10 ../libopencm3/lib/libopencm3_stm32f4.a(usb_f107.o)
 .debug_ranges  0x00000358       0x38 ../libopencm3/lib/libopencm3_stm32f4.a(vector.o)
 .debug_ranges  0x00000390       0x10 ../libopencm3/lib/libopencm3_stm32f4.a(pwr.o)
 .debug_ranges  0x000003a0       0x58 ../libopencm3/lib/libopencm3_stm32f4.a(usb_fx07_common.o)

.debug_line     0x00000000     0x1a6b
 .debug_line    0x00000000      0x249 cdcacm.o
 .debug_line    0x00000249      0x39b ../libopencm3/lib/libopencm3_stm32f4.a(rcc.o)
 .debug_line    0x000005e4      0x161 ../libopencm3/lib/libopencm3_stm32f4.a(gpio_common_f0234.o)
 .debug_line    0x00000745      0x181 ../libopencm3/lib/libopencm3_stm32f4.a(flash_common_f234.o)
 .debug_line    0x000008c6      0x1c5 ../libopencm3/lib/libopencm3_stm32f4.a(rcc_common_all.o)
 .debug_line    0x00000a8b      0x24d ../libopencm3/lib/libopencm3_stm32f4.a(usb.o)
 .debug_line    0x00000cd8      0x3de ../libopencm3/lib/libopencm3_stm32f4.a(usb_standard.o)
 .debug_line    0x000010b6      0x271 ../libopencm3/lib/libopencm3_stm32f4.a(usb_control.o)
 .debug_line    0x00001327      0x16d ../libopencm3/lib/libopencm3_stm32f4.a(usb_f107.o)
 .debug_line    0x00001494      0x1cd ../libopencm3/lib/libopencm3_stm32f4.a(vector.o)
 .debug_line    0x00001661      0x12b ../libopencm3/lib/libopencm3_stm32f4.a(pwr.o)
 .debug_line    0x0000178c      0x2df ../libopencm3/lib/libopencm3_stm32f4.a(usb_fx07_common.o)

.debug_str      0x00000000     0x1ef8
 .debug_str     0x00000000      0xd54 cdcacm.o
                                0xe39 (size before relaxing)
 .debug_str     0x00000d54      0x388 ../libopencm3/lib/libopencm3_stm32f4.a(rcc.o)
                                0x52a (size before relaxing)
 .debug_str     0x000010dc       0x8d ../libopencm3/lib/libopencm3_stm32f4.a(gpio_common_f0234.o)
                                0x26a (size before relaxing)
 .debug_str     0x00001169       0x96 ../libopencm3/lib/libopencm3_stm32f4.a(flash_common_f234.o)
                                0x244 (size before relaxing)
 .debug_str     0x000011ff      0x320 ../libopencm3/lib/libopencm3_stm32f4.a(rcc_common_all.o)
                                0xa41 (size before relaxing)
 .debug_str     0x0000151f      0x30f ../libopencm3/lib/libopencm3_stm32f4.a(usb.o)
                                0x95e (size before relaxing)
 .debug_str     0x0000182e      0x2f0 ../libopencm3/lib/libopencm3_stm32f4.a(usb_standard.o)
                                0xae9 (size before relaxing)
 .debug_str     0x00001b1e       0xed ../libopencm3/lib/libopencm3_stm32f4.a(usb_control.o)
                                0x950 (size before relaxing)
 .debug_str     0x00001c0b       0x29 ../libopencm3/lib/libopencm3_stm32f4.a(usb_f107.o)
                                0x7cf (size before relaxing)
 .debug_str     0x00001c34      0x1a5 ../libopencm3/lib/libopencm3_stm32f4.a(vector.o)
                                0x35a (size before relaxing)
 .debug_str     0x00001dd9        0x6 ../libopencm3/lib/libopencm3_stm32f4.a(pwr.o)
                                0x1d3 (size before relaxing)
 .debug_str     0x00001ddf      0x119 ../libopencm3/lib/libopencm3_stm32f4.a(usb_fx07_common.o)
                                0x936 (size before relaxing)

.comment        0x00000000       0x70
 .comment       0x00000000       0x70 cdcacm.o
                                 0x71 (size before relaxing)
 .comment       0x00000000       0x71 ../libopencm3/lib/libopencm3_stm32f4.a(rcc.o)
 .comment       0x00000000       0x71 ../libopencm3/lib/libopencm3_stm32f4.a(gpio_common_f0234.o)
 .comment       0x00000000       0x71 ../libopencm3/lib/libopencm3_stm32f4.a(flash_common_f234.o)
 .comment       0x00000000       0x71 ../libopencm3/lib/libopencm3_stm32f4.a(rcc_common_all.o)
 .comment       0x00000000       0x71 ../libopencm3/lib/libopencm3_stm32f4.a(usb.o)
 .comment       0x00000000       0x71 ../libopencm3/lib/libopencm3_stm32f4.a(usb_standard.o)
 .comment       0x00000000       0x71 ../libopencm3/lib/libopencm3_stm32f4.a(usb_control.o)
 .comment       0x00000000       0x71 ../libopencm3/lib/libopencm3_stm32f4.a(usb_f107.o)
 .comment       0x00000000       0x71 ../libopencm3/lib/libopencm3_stm32f4.a(vector.o)
 .comment       0x00000000       0x71 ../libopencm3/lib/libopencm3_stm32f4.a(pwr.o)
 .comment       0x00000000       0x71 ../libopencm3/lib/libopencm3_stm32f4.a(usb_fx07_common.o)

.ARM.attributes
                0x00000000       0x3b
 .ARM.attributes
                0x00000000       0x39 cdcacm.o
 .ARM.attributes
                0x00000039       0x39 ../libopencm3/lib/libopencm3_stm32f4.a(rcc.o)
 .ARM.attributes
                0x00000072       0x39 ../libopencm3/lib/libopencm3_stm32f4.a(gpio_common_f0234.o)
 .ARM.attributes
                0x000000ab       0x39 ../libopencm3/lib/libopencm3_stm32f4.a(flash_common_f234.o)
 .ARM.attributes
                0x000000e4       0x39 ../libopencm3/lib/libopencm3_stm32f4.a(rcc_common_all.o)
 .ARM.attributes
                0x0000011d       0x39 ../libopencm3/lib/libopencm3_stm32f4.a(usb.o)
 .ARM.attributes
                0x00000156       0x39 ../libopencm3/lib/libopencm3_stm32f4.a(usb_standard.o)
 .ARM.attributes
                0x0000018f       0x39 ../libopencm3/lib/libopencm3_stm32f4.a(usb_control.o)
 .ARM.attributes
                0x000001c8       0x39 ../libopencm3/lib/libopencm3_stm32f4.a(usb_f107.o)
 .ARM.attributes
                0x00000201       0x39 ../libopencm3/lib/libopencm3_stm32f4.a(vector.o)
 .ARM.attributes
                0x0000023a       0x39 ../libopencm3/lib/libopencm3_stm32f4.a(pwr.o)
 .ARM.attributes
                0x00000273       0x39 ../libopencm3/lib/libopencm3_stm32f4.a(usb_fx07_common.o)
 .ARM.attributes
                0x000002ac       0x30 /home/mike1000/STM32_STUFF/gcc-arm-none-eabi-4_9-2014q4/bin/../lib/gcc/arm-none-eabi/4.9.3/../../../../arm-none-eabi/lib/libc.a(lib_a-memcpy.o)
 .ARM.attributes
                0x000002dc       0x30 /home/mike1000/STM32_STUFF/gcc-arm-none-eabi-4_9-2014q4/bin/../lib/gcc/arm-none-eabi/4.9.3/../../../../arm-none-eabi/lib/libc.a(lib_a-strlen.o)

.debug_frame    0x00000000      0x9d8
 .debug_frame   0x00000000       0x7c cdcacm.o
 .debug_frame   0x0000007c      0x1a8 ../libopencm3/lib/libopencm3_stm32f4.a(rcc.o)
 .debug_frame   0x00000224       0x6c ../libopencm3/lib/libopencm3_stm32f4.a(gpio_common_f0234.o)
 .debug_frame   0x00000290       0x80 ../libopencm3/lib/libopencm3_stm32f4.a(flash_common_f234.o)
 .debug_frame   0x00000310       0xa0 ../libopencm3/lib/libopencm3_stm32f4.a(rcc_common_all.o)
 .debug_frame   0x000003b0      0x13c ../libopencm3/lib/libopencm3_stm32f4.a(usb.o)
 .debug_frame   0x000004ec      0x1c4 ../libopencm3/lib/libopencm3_stm32f4.a(usb_standard.o)
 .debug_frame   0x000006b0      0x148 ../libopencm3/lib/libopencm3_stm32f4.a(usb_control.o)
 .debug_frame   0x000007f8       0x20 ../libopencm3/lib/libopencm3_stm32f4.a(usb_f107.o)
 .debug_frame   0x00000818       0x40 ../libopencm3/lib/libopencm3_stm32f4.a(vector.o)
 .debug_frame   0x00000858       0x20 ../libopencm3/lib/libopencm3_stm32f4.a(pwr.o)
 .debug_frame   0x00000878      0x108 ../libopencm3/lib/libopencm3_stm32f4.a(usb_fx07_common.o)
 .debug_frame   0x00000980       0x38 /home/mike1000/STM32_STUFF/gcc-arm-none-eabi-4_9-2014q4/bin/../lib/gcc/arm-none-eabi/4.9.3/../../../../arm-none-eabi/lib/libc.a(lib_a-memcpy.o)
 .debug_frame   0x000009b8       0x20 /home/mike1000/STM32_STUFF/gcc-arm-none-eabi-4_9-2014q4/bin/../lib/gcc/arm-none-eabi/4.9.3/../../../../arm-none-eabi/lib/libc.a(lib_a-strlen.o)
