Archive member included because of file (symbol)

../libopencm3/lib/libopencm3_stm32f4.a(vector.o)
                              (reset_handler)
/home/mike1000/STM32_STUFF/gcc-arm-none-eabi-4_9-2014q4/bin/../lib/gcc/arm-none-eabi/4.9.3/libgcc.a(_udivsi3.o)
                              /tmp/ccqxKs3s.o (__aeabi_uidivmod)
/home/mike1000/STM32_STUFF/gcc-arm-none-eabi-4_9-2014q4/bin/../lib/gcc/arm-none-eabi/4.9.3/libgcc.a(_dvmd_tls.o)
                              /home/mike1000/STM32_STUFF/gcc-arm-none-eabi-4_9-2014q4/bin/../lib/gcc/arm-none-eabi/4.9.3/libgcc.a(_udivsi3.o) (__aeabi_idiv0)

Discarded input sections

 .text          0x00000000        0x0 /tmp/ccqxKs3s.o
 .data          0x00000000        0x0 /tmp/ccqxKs3s.o
 .bss           0x00000000        0x0 /tmp/ccqxKs3s.o
 .text.ring_init
                0x00000000       0x14 /tmp/ccqxKs3s.o
 .text.ring_write_ch
                0x00000000       0x58 /tmp/ccqxKs3s.o
 .text.ring_write
                0x00000000       0x48 /tmp/ccqxKs3s.o
 .text.ring_safe_write_ch
                0x00000000       0x34 /tmp/ccqxKs3s.o
 .text.ring_safe_write
                0x00000000       0x48 /tmp/ccqxKs3s.o
 .text.ring_read_ch
                0x00000000       0x50 /tmp/ccqxKs3s.o
 .text.ring_read
                0x00000000       0x4c /tmp/ccqxKs3s.o
 .debug_info    0x00000000      0x376 /tmp/ccqxKs3s.o
 .debug_abbrev  0x00000000      0x166 /tmp/ccqxKs3s.o
 .debug_loc     0x00000000      0x342 /tmp/ccqxKs3s.o
 .debug_aranges
                0x00000000       0x50 /tmp/ccqxKs3s.o
 .debug_ranges  0x00000000       0x40 /tmp/ccqxKs3s.o
 .debug_line    0x00000000      0x1d2 /tmp/ccqxKs3s.o
 .debug_str     0x00000000      0x210 /tmp/ccqxKs3s.o
 .comment       0x00000000       0x71 /tmp/ccqxKs3s.o
 .debug_frame   0x00000000      0x108 /tmp/ccqxKs3s.o
 .ARM.attributes
                0x00000000       0x30 /tmp/ccqxKs3s.o
 .text          0x00000000        0x0 ../libopencm3/lib/libopencm3_stm32f4.a(vector.o)
 .data          0x00000000        0x0 ../libopencm3/lib/libopencm3_stm32f4.a(vector.o)
 .bss           0x00000000        0x0 ../libopencm3/lib/libopencm3_stm32f4.a(vector.o)
 .text          0x00000000      0x114 /home/mike1000/STM32_STUFF/gcc-arm-none-eabi-4_9-2014q4/bin/../lib/gcc/arm-none-eabi/4.9.3/libgcc.a(_udivsi3.o)
 .data          0x00000000        0x0 /home/mike1000/STM32_STUFF/gcc-arm-none-eabi-4_9-2014q4/bin/../lib/gcc/arm-none-eabi/4.9.3/libgcc.a(_udivsi3.o)
 .bss           0x00000000        0x0 /home/mike1000/STM32_STUFF/gcc-arm-none-eabi-4_9-2014q4/bin/../lib/gcc/arm-none-eabi/4.9.3/libgcc.a(_udivsi3.o)
 .debug_frame   0x00000000       0x20 /home/mike1000/STM32_STUFF/gcc-arm-none-eabi-4_9-2014q4/bin/../lib/gcc/arm-none-eabi/4.9.3/libgcc.a(_udivsi3.o)
 .ARM.attributes
                0x00000000       0x18 /home/mike1000/STM32_STUFF/gcc-arm-none-eabi-4_9-2014q4/bin/../lib/gcc/arm-none-eabi/4.9.3/libgcc.a(_udivsi3.o)
 .text          0x00000000        0x4 /home/mike1000/STM32_STUFF/gcc-arm-none-eabi-4_9-2014q4/bin/../lib/gcc/arm-none-eabi/4.9.3/libgcc.a(_dvmd_tls.o)
 .data          0x00000000        0x0 /home/mike1000/STM32_STUFF/gcc-arm-none-eabi-4_9-2014q4/bin/../lib/gcc/arm-none-eabi/4.9.3/libgcc.a(_dvmd_tls.o)
 .bss           0x00000000        0x0 /home/mike1000/STM32_STUFF/gcc-arm-none-eabi-4_9-2014q4/bin/../lib/gcc/arm-none-eabi/4.9.3/libgcc.a(_dvmd_tls.o)
 .ARM.attributes
                0x00000000       0x18 /home/mike1000/STM32_STUFF/gcc-arm-none-eabi-4_9-2014q4/bin/../lib/gcc/arm-none-eabi/4.9.3/libgcc.a(_dvmd_tls.o)

Memory Configuration

Name             Origin             Length             Attributes
rom              0x08000000         0x00100000         xr
ram              0x20000000         0x00020000         xrw
*default*        0x00000000         0xffffffff

Linker script and memory map

LOAD /tmp/ccqxKs3s.o
LOAD ../libopencm3/lib/libopencm3_stm32f4.a
START GROUP
LOAD /home/mike1000/STM32_STUFF/gcc-arm-none-eabi-4_9-2014q4/bin/../lib/gcc/arm-none-eabi/4.9.3/../../../../arm-none-eabi/lib/libc.a
LOAD /home/mike1000/STM32_STUFF/gcc-arm-none-eabi-4_9-2014q4/bin/../lib/gcc/arm-none-eabi/4.9.3/libgcc.a
LOAD /home/mike1000/STM32_STUFF/gcc-arm-none-eabi-4_9-2014q4/bin/../lib/gcc/arm-none-eabi/4.9.3/../../../../arm-none-eabi/lib/libnosys.a
END GROUP
START GROUP
LOAD /home/mike1000/STM32_STUFF/gcc-arm-none-eabi-4_9-2014q4/bin/../lib/gcc/arm-none-eabi/4.9.3/libgcc.a
LOAD /home/mike1000/STM32_STUFF/gcc-arm-none-eabi-4_9-2014q4/bin/../lib/gcc/arm-none-eabi/4.9.3/../../../../arm-none-eabi/lib/libg.a
LOAD /home/mike1000/STM32_STUFF/gcc-arm-none-eabi-4_9-2014q4/bin/../lib/gcc/arm-none-eabi/4.9.3/../../../../arm-none-eabi/lib/libc.a
END GROUP

.text           0x08000000      0x240
 *(.vectors)
 .vectors       0x08000000      0x1ac ../libopencm3/lib/libopencm3_stm32f4.a(vector.o)
                0x08000000                vector_table
 *(.text*)
 .text.blocking_handler
                0x080001ac        0x2 ../libopencm3/lib/libopencm3_stm32f4.a(vector.o)
                0x080001ac                dma2_stream1_isr
                0x080001ac                tim8_brk_tim12_isr
                0x080001ac                dma1_stream7_isr
                0x080001ac                usart3_isr
                0x080001ac                tim7_isr
                0x080001ac                dma2d_isr
                0x080001ac                uart8_isr
                0x080001ac                dma1_stream2_isr
                0x080001ac                otg_hs_isr
                0x080001ac                blocking_handler
                0x080001ac                tim5_isr
                0x080001ac                rtc_wkup_isr
                0x080001ac                otg_fs_isr
                0x080001ac                spi1_isr
                0x080001ac                i2c3_er_isr
                0x080001ac                exti2_isr
                0x080001ac                spi5_isr
                0x080001ac                usb_fs_wkup_isr
                0x080001ac                tamp_stamp_isr
                0x080001ac                can1_rx1_isr
                0x080001ac                dma2_stream0_isr
                0x080001ac                usart1_isr
                0x080001ac                i2c3_ev_isr
                0x080001ac                usage_fault_handler
                0x080001ac                can2_rx0_isr
                0x080001ac                dma1_stream6_isr
                0x080001ac                can2_rx1_isr
                0x080001ac                can1_sce_isr
                0x080001ac                tim1_cc_isr
                0x080001ac                can1_tx_isr
                0x080001ac                tim1_up_tim10_isr
                0x080001ac                sdio_isr
                0x080001ac                eth_isr
                0x080001ac                spi6_isr
                0x080001ac                dma2_stream5_isr
                0x080001ac                pvd_isr
                0x080001ac                can1_rx0_isr
                0x080001ac                rcc_isr
                0x080001ac                dma2_stream3_isr
                0x080001ac                flash_isr
                0x080001ac                uart4_isr
                0x080001ac                lcd_tft_isr
                0x080001ac                rtc_alarm_isr
                0x080001ac                exti15_10_isr
                0x080001ac                hash_rng_isr
                0x080001ac                tim1_trg_com_tim11_isr
                0x080001ac                hard_fault_handler
                0x080001ac                exti1_isr
                0x080001ac                i2c1_ev_isr
                0x080001ac                usart6_isr
                0x080001ac                spi2_isr
                0x080001ac                cryp_isr
                0x080001ac                nvic_wwdg_isr
                0x080001ac                dma1_stream1_isr
                0x080001ac                dma2_stream4_isr
                0x080001ac                exti3_isr
                0x080001ac                tim3_isr
                0x080001ac                usart2_isr
                0x080001ac                sai1_isr
                0x080001ac                fpu_isr
                0x080001ac                dma1_stream4_isr
                0x080001ac                i2c2_er_isr
                0x080001ac                i2c2_ev_isr
                0x080001ac                uart5_isr
                0x080001ac                dma2_stream6_isr
                0x080001ac                spi4_isr
                0x080001ac                adc_isr
                0x080001ac                dma2_stream7_isr
                0x080001ac                tim8_up_tim13_isr
                0x080001ac                fsmc_isr
                0x080001ac                exti4_isr
                0x080001ac                tim6_dac_isr
                0x080001ac                dma1_stream3_isr
                0x080001ac                tim8_trg_com_tim14_isr
                0x080001ac                mem_manage_handler
                0x080001ac                lcd_tft_err_isr
                0x080001ac                can2_tx_isr
                0x080001ac                exti9_5_isr
                0x080001ac                tim1_brk_tim9_isr
                0x080001ac                uart7_isr
                0x080001ac                can2_sce_isr
                0x080001ac                tim4_isr
                0x080001ac                otg_hs_wkup_isr
                0x080001ac                i2c1_er_isr
                0x080001ac                dma1_stream0_isr
                0x080001ac                tim8_cc_isr
                0x080001ac                dcmi_isr
                0x080001ac                dma2_stream2_isr
                0x080001ac                eth_wkup_isr
                0x080001ac                bus_fault_handler
                0x080001ac                otg_hs_ep1_out_isr
                0x080001ac                spi3_isr
                0x080001ac                dma1_stream5_isr
                0x080001ac                otg_hs_ep1_in_isr
                0x080001ac                tim2_isr
                0x080001ac                exti0_isr
 .text.null_handler
                0x080001ae        0x2 ../libopencm3/lib/libopencm3_stm32f4.a(vector.o)
                0x080001ae                null_handler
                0x080001ae                sv_call_handler
                0x080001ae                pend_sv_handler
                0x080001ae                debug_monitor_handler
                0x080001ae                sys_tick_handler
                0x080001ae                nmi_handler
 .text.reset_handler
                0x080001b0       0x90 ../libopencm3/lib/libopencm3_stm32f4.a(vector.o)
                0x080001b0                reset_handler
                0x08000240                . = ALIGN (0x4)
 *(.rodata*)
                0x08000240                . = ALIGN (0x4)

.glue_7         0x08000240        0x0
 .glue_7        0x00000000        0x0 linker stubs

.glue_7t        0x08000240        0x0
 .glue_7t       0x00000000        0x0 linker stubs

.vfp11_veneer   0x08000240        0x0
 .vfp11_veneer  0x00000000        0x0 linker stubs

.v4_bx          0x08000240        0x0
 .v4_bx         0x00000000        0x0 linker stubs

.iplt           0x08000240        0x0
 .iplt          0x00000000        0x0 /tmp/ccqxKs3s.o

.rel.dyn        0x08000240        0x0
 .rel.iplt      0x00000000        0x0 /tmp/ccqxKs3s.o

.preinit_array  0x08000240        0x0
                0x08000240                . = ALIGN (0x4)
                0x08000240                __preinit_array_start = .
 *(.preinit_array)
                0x08000240                __preinit_array_end = .

.init_array     0x08000240        0x0
                0x08000240                . = ALIGN (0x4)
                0x08000240                __init_array_start = .
 *(SORT(.init_array.*))
 *(.init_array)
                0x08000240                __init_array_end = .

.fini_array     0x08000240        0x0
                0x08000240                . = ALIGN (0x4)
                0x08000240                __fini_array_start = .
 *(.fini_array)
 *(SORT(.fini_array.*))
                0x08000240                __fini_array_end = .

.ARM.extab
 *(.ARM.extab*)

.ARM.exidx      0x08000240        0x0
                0x08000240                __exidx_start = .
 *(.ARM.exidx*)
                0x08000240                __exidx_end = .
                0x08000240                . = ALIGN (0x4)
                0x08000240                _etext = .

.data           0x20000000        0x0 load address 0x08000240
                0x20000000                _data = .
 *(.data*)
                0x20000000                . = ALIGN (0x4)
                0x20000000                _edata = .
                0x08000240                _data_loadaddr = LOADADDR (.data)

.igot.plt       0x20000000        0x0 load address 0x08000240
 .igot.plt      0x00000000        0x0 /tmp/ccqxKs3s.o

.bss            0x20000000        0x0 load address 0x08000240
 *(.bss*)
 *(COMMON)
                0x20000000                . = ALIGN (0x4)
                0x20000000                _ebss = .

/DISCARD/
 *(.eh_frame)
                0x20000000                . = ALIGN (0x4)
                0x20000000                end = .
                0x20020000                PROVIDE (_stack, (ORIGIN (ram) + 0x20000))
OUTPUT(ring elf32-littlearm)

.debug_info     0x00000000      0x2ab
 .debug_info    0x00000000      0x2ab ../libopencm3/lib/libopencm3_stm32f4.a(vector.o)

.debug_abbrev   0x00000000      0x144
 .debug_abbrev  0x00000000      0x144 ../libopencm3/lib/libopencm3_stm32f4.a(vector.o)

.debug_loc      0x00000000       0xac
 .debug_loc     0x00000000       0xac ../libopencm3/lib/libopencm3_stm32f4.a(vector.o)

.debug_aranges  0x00000000       0x30
 .debug_aranges
                0x00000000       0x30 ../libopencm3/lib/libopencm3_stm32f4.a(vector.o)

.debug_ranges   0x00000000       0x38
 .debug_ranges  0x00000000       0x38 ../libopencm3/lib/libopencm3_stm32f4.a(vector.o)

.debug_line     0x00000000      0x1cd
 .debug_line    0x00000000      0x1cd ../libopencm3/lib/libopencm3_stm32f4.a(vector.o)

.debug_str      0x00000000      0x318
 .debug_str     0x00000000      0x318 ../libopencm3/lib/libopencm3_stm32f4.a(vector.o)
                                0x35a (size before relaxing)

.comment        0x00000000       0x70
 .comment       0x00000000       0x70 ../libopencm3/lib/libopencm3_stm32f4.a(vector.o)
                                 0x71 (size before relaxing)

.ARM.attributes
                0x00000000       0x39
 .ARM.attributes
                0x00000000       0x39 ../libopencm3/lib/libopencm3_stm32f4.a(vector.o)

.debug_frame    0x00000000       0x40
 .debug_frame   0x00000000       0x40 ../libopencm3/lib/libopencm3_stm32f4.a(vector.o)
